[02:15] Pool: 10 | Index: 153
[02:30] Pool: 10 | Index: 153
[02:45] Pool: 20 | Index: 153
[03:00] Pool: 0 | Index: 153
Pool low! Sourcing...
  Pool low (0). Finding more brands...
  + komatsu-limited (Komatsu Limited) [general]
  + komori (Komori) [general]
  + konami (Konami) [general]
  + konica-minolta (Konica Minolta) [general]
  + konigs-krone (Konigs-Krone) [general]
  + korg (Korg) [general]
  + korin-japanese-trading-company (Korin Japanese Trading Company) [general]
  + kos (Kosé) [general]
  + kowa-company (Kowa (company)) [general]
  + koyo-seiko (Koyo Seiko) [general]
  + kubota (Kubota) [general]
  + kumagai-gumi (Kumagai Gumi) [general]
  + kureha-corporation (Kureha Corporation) [general]
  + kuretake-art-products (Kuretake (art products)) [general]
  + kurita-water-industries (Kurita Water Industries) [general]
  + kuwahara-bicycle-company (Kuwahara (bicycle company)) [general]
  + kyb-corporation (KYB Corporation) [general]
  + kyocera (Kyocera) [general]
  + kyukyodo (Kyukyodo) [general]
  + lawson-store (Lawson (store)) [general]
  ✅ Sourced 20 new brands (pool: 20)
[03:15] Pool: 10 | Index: 153
[03:30] Pool: 10 | Index: 153
[03:45] Pool: 0 | Index: 256
Pool low! Sourcing...
  Pool low (0). Finding more brands...
  + lexus (Lexus) [general]
  + lixil-group (Lixil Group) [general]
  + lotte-holdings (Lotte Holdings) [general]
  + lumix (Lumix) [general]
  + luxman (Luxman) [general]
  + mabuchi-motor (Mabuchi Motor) [general]
  + maeda-corporation (Maeda Corporation) [general]
  + makino (Makino) [general]
  + makita (Makita) [general]
  + mamiya (Mamiya) [general]
  + mandom (Mandom) [general]
  + marui (Marui) [general]
  + marukome (Marukome) [general]
  + marusan-ai (Marusan-Ai) [general]
  + maruya-company (Maruya (company)) [general]
  + marvelous-company (Marvelous (company)) [general]
  + maspro-denkoh (Maspro Denkoh) [general]
  + matsukawaya-company (Matsukawaya Company) [general]
  + matsumoto-kiyoshi (Matsumoto Kiyoshi) [general]
  + matsuoka-guitar (Matsuoka Guitar) [general]
  ✅ Sourced 20 new brands (pool: 20)
[04:00] Pool: 20 | Index: 256
[04:15] Pool: 0 | Index: 376
Pool low! Sourcing...
  Pool low (0). Finding more brands...
  + kg-mobility (KG Mobility) [general]
  + kia (Kia) [general]
  + kia-ecodynamics (Kia EcoDynamics) [general]
  + kmall24 (Kmall24) [general]
  + kolon-industries (Kolon Industries) [general]
  + kookmin-bank (Kookmin Bank) [general]
  + kooksoondang (Kooksoondang) [general]
  + korail (Korail) [general]
  + korea-data-systems (Korea Data Systems) [general]
  + korea-post (Korea Post) [general]
  + korea-tungsten-company (Korea Tungsten Company) [general]
  + koscom (Koscom) [general]
  + kt-corporation (KT Corporation) [general]
  + kumho-asiana-group (Kumho Asiana Group) [general]
  + kumho-tire (Kumho Tire) [general]
  + kyeyang-electric (Kyeyang Electric) [general]
  + kyobo-life-insurance (Kyobo Life Insurance) [general]
  + lg-cyon (LG Cyon) [general]
  + lg-electronics (LG Electronics) [general]
  + lg-uplus (LG Uplus) [general]
  ✅ Sourced 20 new brands (pool: 20)
[04:30] Pool: 20 | Index: 376
[04:45] Pool: 10 | Index: 379
  [04:45:01] Current: 379 brands
  [04:45:01] Pool: 10 brands
  [04:45:01]   SKIP markany: content too short
  [04:45:02]   SKIP moms-touch: content too short
  [04:45:04]   ADDED monami: Monami (+3 langs)
  [04:45:05]   SKIP mpio: content too short
  [04:45:06]   SKIP namyang-dairy-products: content too short
  [04:45:06] Regenerating homepage (380 brands)...
  [04:45:06]   brandsData replaced: 380 entries
  [04:45:06] ERROR: Homepage JS missing renderBrands! NOT saving broken page.
